// Jest Snapshot v1, https://goo.gl/fbAQLP

exports[`OAuthCallbackPage should render the component without crashing 1`] = `
<ContextConsumer>
  <Component />
</ContextConsumer>
`;
