// Jest Snapshot v1, https://goo.gl/fbAQLP

exports[`Collapsible should render the component without crashing 1`] = `
<Collapsible
  className=""
  classParentString="Collapsible"
  contentInnerClassName=""
  contentOuterClassName=""
  easing="linear"
  lazyRender={false}
  onClose={[Function]}
  onClosing={[Function]}
  onOpen={[Function]}
  onOpening={[Function]}
  open={false}
  openedClassName=""
  overflowWhenOpen="hidden"
  tabIndex={null}
  transitionCloseTime={null}
  transitionTime={200}
  trigger={<Collapsible.Trigger />}
  triggerClassName=""
  triggerDisabled={false}
  triggerOpenedClassName=""
  triggerSibling={null}
  triggerStyle={null}
  triggerTagName="span"
>
  <Collapsible.Body />
</Collapsible>
`;
