// Jest Snapshot v1, https://goo.gl/fbAQLP

exports[`App should render the component without crashing 1`] = `<WithAlert(withRouter(Connect(App))) />`;
