// Jest Snapshot v1, https://goo.gl/fbAQLP

exports[`TextInput should render the component without crashing 1`] = `
<input
  className="text-input"
  onChange={[MockFunction]}
/>
`;
